Component: ARM Compiler 5.06 update 4 (build 422) Tool: armlink [4d35d2]

==============================================================================

Section Cross References

    main.o(i.UARTx_SEND) refers to main.o(i.CRC16_PA) for CRC16_PA
    main.o(i.UARTx_SEND) refers to main.o(i.request03) for request03
    main.o(i.UARTx_SEND) refers to main.o(i.request06) for request06
    main.o(i.UARTx_SEND) refers to main.o(i.request10) for request10
    main.o(i.UARTx_SEND) refers to interrapt.o(.data) for nU2
    main.o(i.UARTx_SEND) refers to main.o(.data) for crc
    main.o(i.main) refers to initmcontroller.o(i.INITZ_CLKPORT) for INITZ_CLKPORT
    main.o(i.main) refers to initmcontroller.o(i.INITZ_UART2) for INITZ_UART2
    main.o(i.main) refers to initmcontroller.o(i.PORTF) for PORTF
    main.o(i.main) refers to initmcontroller.o(i.PORTC) for PORTC
    main.o(i.main) refers to main.o(i.UARTx_SEND) for UARTx_SEND
    main.o(i.main) refers to main.o(.data) for g1
    main.o(i.main) refers to interrapt.o(.data) for RXU2_flag
    main.o(i.request03) refers to main.o(i.CRC16_PA) for CRC16_PA
    main.o(i.request03) refers to main.o(.data) for addr
    main.o(i.request03) refers to main.o(.bss) for adrpr
    main.o(i.request03) refers to interrapt.o(.data) for nU2
    main.o(i.request06) refers to main.o(.data) for addr
    main.o(i.request06) refers to main.o(.bss) for adrpr
    main.o(i.request06) refers to interrapt.o(.data) for RXU2_q
    main.o(i.request10) refers to main.o(i.CRC16_PA) for CRC16_PA
    main.o(i.request10) refers to main.o(.data) for addr
    main.o(i.request10) refers to main.o(.bss) for adrpr
    main.o(i.request10) refers to interrapt.o(.data) for RXU2_q
    main.o(.data) refers to main.o(.bss) for adrpr
    interrapt.o(i.SPI2_IRQ) refers to interrapt.o(.data) for RXS2byte
    interrapt.o(i.SPI2_IRQ) refers to interrapt.o(.bss) for bufferRXS2
    interrapt.o(i.UART1_IRQ) refers to interrapt.o(.data) for RXU2byte
    interrapt.o(i.UART1_IRQ) refers to interrapt.o(.bss) for bufferRXU2
    interrapt.o(i.UART2_IRQ) refers to interrapt.o(.data) for RXU2byte
    interrapt.o(i.UART2_IRQ) refers to interrapt.o(.bss) for bufferRXU2
    interrapt.o(.data) refers to interrapt.o(.bss) for bufferRXU2
    initmcontroller.o(i.INITZ_SPI2) refers to initmcontroller.o(i.NVIC_EnableIRQ) for NVIC_EnableIRQ
    initmcontroller.o(i.INITZ_TMR) refers to initmcontroller.o(i.NVIC_EnableIRQ) for NVIC_EnableIRQ
    initmcontroller.o(i.INITZ_UART1) refers to initmcontroller.o(i.NVIC_EnableIRQ) for NVIC_EnableIRQ
    initmcontroller.o(i.INITZ_UART2) refers to initmcontroller.o(i.NVIC_EnableIRQ) for NVIC_EnableIRQ
    startup_mdr1986ve1t.o(STACK) refers (Special) to heapauxi.o(.text) for __use_two_region_memory
    startup_mdr1986ve1t.o(HEAP) refers (Special) to heapauxi.o(.text) for __use_two_region_memory
    startup_mdr1986ve1t.o(RESET) refers (Special) to heapauxi.o(.text) for __use_two_region_memory
    startup_mdr1986ve1t.o(RESET) refers to startup_mdr1986ve1t.o(STACK) for __initial_sp
    startup_mdr1986ve1t.o(RESET) refers to startup_mdr1986ve1t.o(.text) for Reset_Handler
    startup_mdr1986ve1t.o(.text) refers (Special) to heapauxi.o(.text) for __use_two_region_memory
    startup_mdr1986ve1t.o(.text) refers to __main.o(!!!main) for __main
    startup_mdr1986ve1t.o(.text) refers to startup_mdr1986ve1t.o(HEAP) for Heap_Mem
    startup_mdr1986ve1t.o(.text) refers to startup_mdr1986ve1t.o(STACK) for Stack_Mem
    system_mdr1986ve1t.o(i.SystemCoreClockUpdate) refers to aeabi_sdiv.o(.text) for __aeabi_uidivmod
    system_mdr1986ve1t.o(i.SystemCoreClockUpdate) refers to system_mdr1986ve1t.o(.data) for SystemCoreClock
    system_mdr1986ve1t.o(i.SystemInit) refers to system_mdr1986ve1t.o(i.SystemCoreClockUpdate) for SystemCoreClockUpdate
    __main.o(!!!main) refers to __rtentry.o(.ARM.Collect$$rtentry$$00000000) for __rt_entry
    __rtentry.o(.ARM.Collect$$rtentry$$00000000) refers (Special) to __rtentry2.o(.ARM.Collect$$rtentry$$0000000A) for __rt_entry_li
    __rtentry.o(.ARM.Collect$$rtentry$$00000000) refers (Special) to __rtentry2.o(.ARM.Collect$$rtentry$$0000000D) for __rt_entry_main
    __rtentry.o(.ARM.Collect$$rtentry$$00000000) refers (Special) to __rtentry2.o(.ARM.Collect$$rtentry$$0000000C) for __rt_entry_postli_1
    __rtentry.o(.ARM.Collect$$rtentry$$00000000) refers (Special) to __rtentry2.o(.ARM.Collect$$rtentry$$00000009) for __rt_entry_postsh_1
    __rtentry.o(.ARM.Collect$$rtentry$$00000000) refers (Special) to __rtentry2.o(.ARM.Collect$$rtentry$$00000002) for __rt_entry_presh_1
    __rtentry.o(.ARM.Collect$$rtentry$$00000000) refers (Special) to __rtentry4.o(.ARM.Collect$$rtentry$$00000004) for __rt_entry_sh
    aeabi_idiv0_sigfpe.o(.text) refers to rt_div0.o(.text) for __rt_div0
    __rtentry2.o(.ARM.Collect$$rtentry$$00000008) refers to boardinit2.o(.text) for _platform_post_stackheap_init
    __rtentry2.o(.ARM.Collect$$rtentry$$0000000A) refers to libinit.o(.ARM.Collect$$libinit$$00000000) for __rt_lib_init
    __rtentry2.o(.ARM.Collect$$rtentry$$0000000B) refers to boardinit3.o(.text) for _platform_post_lib_init
    __rtentry2.o(.ARM.Collect$$rtentry$$0000000D) refers to main.o(i.main) for main
    __rtentry2.o(.ARM.Collect$$rtentry$$0000000D) refers to exit.o(.text) for exit
    __rtentry2.o(.ARM.exidx) refers to __rtentry2.o(.ARM.Collect$$rtentry$$00000001) for .ARM.Collect$$rtentry$$00000001
    __rtentry2.o(.ARM.exidx) refers to __rtentry2.o(.ARM.Collect$$rtentry$$00000008) for .ARM.Collect$$rtentry$$00000008
    __rtentry2.o(.ARM.exidx) refers to __rtentry2.o(.ARM.Collect$$rtentry$$0000000A) for .ARM.Collect$$rtentry$$0000000A
    __rtentry2.o(.ARM.exidx) refers to __rtentry2.o(.ARM.Collect$$rtentry$$0000000B) for .ARM.Collect$$rtentry$$0000000B
    __rtentry2.o(.ARM.exidx) refers to __rtentry2.o(.ARM.Collect$$rtentry$$0000000D) for .ARM.Collect$$rtentry$$0000000D
    __rtentry4.o(.ARM.Collect$$rtentry$$00000004) refers to sys_stackheap_outer.o(.text) for __user_setup_stackheap
    __rtentry4.o(.ARM.exidx) refers to __rtentry4.o(.ARM.Collect$$rtentry$$00000004) for .ARM.Collect$$rtentry$$00000004
    rt_div0.o(.text) refers to defsig_fpe_outer.o(.text) for __rt_SIGFPE
    sys_stackheap_outer.o(.text) refers to libspace.o(.text) for __user_perproc_libspace
    sys_stackheap_outer.o(.text) refers to startup_mdr1986ve1t.o(.text) for __user_initial_stackheap
    sys_stackheap_outer.o(__vectab_stack_and_reset_area) refers to tempstk.o(.text) for __temporary_stack_top
    sys_stackheap_outer.o(__vectab_stack_and_reset_area) refers to __main.o(!!!main) for __main
    exit.o(.text) refers to rtexit.o(.ARM.Collect$$rtexit$$00000000) for __rt_exit
    defsig_fpe_outer.o(.text) refers to defsig_fpe_inner.o(.text) for __rt_SIGFPE_inner
    defsig_fpe_outer.o(.text) refers to defsig_exit.o(.text) for __sig_exit
    defsig_fpe_formal.o(.text) refers to rt_raise.o(.text) for __rt_raise
    libinit.o(.ARM.Collect$$libinit$$00000000) refers (Special) to libinit2.o(.ARM.Collect$$libinit$$0000002E) for __rt_lib_init_alloca_1
    libinit.o(.ARM.Collect$$libinit$$00000000) refers (Special) to libinit2.o(.ARM.Collect$$libinit$$0000002C) for __rt_lib_init_argv_1
    libinit.o(.ARM.Collect$$libinit$$00000000) refers (Special) to libinit2.o(.ARM.Collect$$libinit$$0000001B) for __rt_lib_init_atexit_1
    libinit.o(.ARM.Collect$$libinit$$00000000) refers (Special) to libinit2.o(.ARM.Collect$$libinit$$00000021) for __rt_lib_init_clock_1
    libinit.o(.ARM.Collect$$libinit$$00000000) refers (Special) to libinit2.o(.ARM.Collect$$libinit$$00000032) for __rt_lib_init_cpp_1
    libinit.o(.ARM.Collect$$libinit$$00000000) refers (Special) to libinit2.o(.ARM.Collect$$libinit$$00000030) for __rt_lib_init_exceptions_1
    libinit.o(.ARM.Collect$$libinit$$00000000) refers (Special) to libinit2.o(.ARM.Collect$$libinit$$00000002) for __rt_lib_init_fp_1
    libinit.o(.ARM.Collect$$libinit$$00000000) refers (Special) to libinit2.o(.ARM.Collect$$libinit$$0000001F) for __rt_lib_init_fp_trap_1
    libinit.o(.ARM.Collect$$libinit$$00000000) refers (Special) to libinit2.o(.ARM.Collect$$libinit$$00000023) for __rt_lib_init_getenv_1
    libinit.o(.ARM.Collect$$libinit$$00000000) refers (Special) to libinit2.o(.ARM.Collect$$libinit$$0000000A) for __rt_lib_init_heap_1
    libinit.o(.ARM.Collect$$libinit$$00000000) refers (Special) to libinit2.o(.ARM.Collect$$libinit$$00000011) for __rt_lib_init_lc_collate_1
    libinit.o(.ARM.Collect$$libinit$$00000000) refers (Special) to libinit2.o(.ARM.Collect$$libinit$$00000013) for __rt_lib_init_lc_ctype_1
    libinit.o(.ARM.Collect$$libinit$$00000000) refers (Special) to libinit2.o(.ARM.Collect$$libinit$$00000015) for __rt_lib_init_lc_monetary_1
    libinit.o(.ARM.Collect$$libinit$$00000000) refers (Special) to libinit2.o(.ARM.Collect$$libinit$$00000017) for __rt_lib_init_lc_numeric_1
    libinit.o(.ARM.Collect$$libinit$$00000000) refers (Special) to libinit2.o(.ARM.Collect$$libinit$$00000019) for __rt_lib_init_lc_time_1
    libinit.o(.ARM.Collect$$libinit$$00000000) refers (Special) to libinit2.o(.ARM.Collect$$libinit$$00000004) for __rt_lib_init_preinit_1
    libinit.o(.ARM.Collect$$libinit$$00000000) refers (Special) to libinit2.o(.ARM.Collect$$libinit$$0000000E) for __rt_lib_init_rand_1
    libinit.o(.ARM.Collect$$libinit$$00000000) refers (Special) to libinit2.o(.ARM.Collect$$libinit$$00000033) for __rt_lib_init_return
    libinit.o(.ARM.Collect$$libinit$$00000000) refers (Special) to libinit2.o(.ARM.Collect$$libinit$$0000001D) for __rt_lib_init_signal_1
    libinit.o(.ARM.Collect$$libinit$$00000000) refers (Special) to libinit2.o(.ARM.Collect$$libinit$$00000025) for __rt_lib_init_stdio_1
    libinit.o(.ARM.Collect$$libinit$$00000000) refers (Special) to libinit2.o(.ARM.Collect$$libinit$$0000000C) for __rt_lib_init_user_alloc_1
    libspace.o(.text) refers to libspace.o(.bss) for __libspace_start
    rtexit.o(.ARM.Collect$$rtexit$$00000000) refers (Special) to rtexit2.o(.ARM.Collect$$rtexit$$00000004) for __rt_exit_exit
    rtexit.o(.ARM.Collect$$rtexit$$00000000) refers (Special) to rtexit2.o(.ARM.Collect$$rtexit$$00000003) for __rt_exit_ls
    rtexit.o(.ARM.Collect$$rtexit$$00000000) refers (Special) to rtexit2.o(.ARM.Collect$$rtexit$$00000002) for __rt_exit_prels_1
    rtexit.o(.ARM.exidx) refers (Special) to rtexit2.o(.ARM.Collect$$rtexit$$00000004) for __rt_exit_exit
    rtexit.o(.ARM.exidx) refers (Special) to rtexit2.o(.ARM.Collect$$rtexit$$00000003) for __rt_exit_ls
    rtexit.o(.ARM.exidx) refers (Special) to rtexit2.o(.ARM.Collect$$rtexit$$00000002) for __rt_exit_prels_1
    rtexit.o(.ARM.exidx) refers to rtexit.o(.ARM.Collect$$rtexit$$00000000) for .ARM.Collect$$rtexit$$00000000
    rt_raise.o(.text) refers to __raise.o(.text) for __raise
    rt_raise.o(.text) refers to sys_exit.o(.text) for _sys_exit
    defsig_exit.o(.text) refers to sys_exit.o(.text) for _sys_exit
    defsig_fpe_inner.o(.text) refers to defsig_general.o(.text) for __default_signal_display
    libinit2.o(.ARM.Collect$$libinit$$00000010) refers to libinit2.o(.ARM.Collect$$libinit$$0000000F) for .ARM.Collect$$libinit$$0000000F
    libinit2.o(.ARM.Collect$$libinit$$00000012) refers to libinit2.o(.ARM.Collect$$libinit$$0000000F) for .ARM.Collect$$libinit$$0000000F
    libinit2.o(.ARM.Collect$$libinit$$00000014) refers to libinit2.o(.ARM.Collect$$libinit$$0000000F) for .ARM.Collect$$libinit$$0000000F
    libinit2.o(.ARM.Collect$$libinit$$00000016) refers to libinit2.o(.ARM.Collect$$libinit$$0000000F) for .ARM.Collect$$libinit$$0000000F
    libinit2.o(.ARM.Collect$$libinit$$00000018) refers to libinit2.o(.ARM.Collect$$libinit$$0000000F) for .ARM.Collect$$libinit$$0000000F
    libinit2.o(.ARM.Collect$$libinit$$00000026) refers to argv_veneer.o(.text) for __ARM_argv_veneer
    libinit2.o(.ARM.Collect$$libinit$$00000027) refers to argv_veneer.o(.text) for __ARM_argv_veneer
    sys_exit.o(.text) refers (Special) to use_no_semi.o(.text) for __I$use$semihosting
    sys_exit.o(.text) refers (Special) to indicate_semi.o(.text) for __semihosting_library_function
    rtexit2.o(.ARM.Collect$$rtexit$$00000003) refers to libshutdown.o(.ARM.Collect$$libshutdown$$00000000) for __rt_lib_shutdown
    rtexit2.o(.ARM.Collect$$rtexit$$00000004) refers to sys_exit.o(.text) for _sys_exit
    rtexit2.o(.ARM.exidx) refers to rtexit2.o(.ARM.Collect$$rtexit$$00000001) for .ARM.Collect$$rtexit$$00000001
    rtexit2.o(.ARM.exidx) refers to rtexit2.o(.ARM.Collect$$rtexit$$00000003) for .ARM.Collect$$rtexit$$00000003
    rtexit2.o(.ARM.exidx) refers to rtexit2.o(.ARM.Collect$$rtexit$$00000004) for .ARM.Collect$$rtexit$$00000004
    __raise.o(.text) refers to defsig.o(CL$$defsig) for __default_signal_handler
    defsig_general.o(.text) refers to sys_wrch.o(.text) for _ttywrch
    sys_wrch.o(.text) refers (Special) to use_no_semi.o(.text) for __I$use$semihosting
    sys_wrch.o(.text) refers (Special) to indicate_semi.o(.text) for __semihosting_library_function
    defsig.o(CL$$defsig) refers to defsig_fpe_inner.o(.text) for __rt_SIGFPE_inner
    defsig.o(CL$$defsig) refers to defsig_rtmem_inner.o(.text) for __rt_SIGRTMEM_inner
    _get_argv_nomalloc.o(.text) refers (Special) to hrguard.o(.text) for __heap_region$guard
    _get_argv_nomalloc.o(.text) refers to defsig_rtmem_outer.o(.text) for __rt_SIGRTMEM
    _get_argv_nomalloc.o(.text) refers to sys_command.o(.text) for _sys_command_string
    libshutdown.o(.ARM.Collect$$libshutdown$$00000000) refers (Special) to libshutdown2.o(.ARM.Collect$$libshutdown$$00000002) for __rt_lib_shutdown_cpp_1
    libshutdown.o(.ARM.Collect$$libshutdown$$00000000) refers (Special) to libshutdown2.o(.ARM.Collect$$libshutdown$$00000007) for __rt_lib_shutdown_fp_trap_1
    libshutdown.o(.ARM.Collect$$libshutdown$$00000000) refers (Special) to libshutdown2.o(.ARM.Collect$$libshutdown$$0000000F) for __rt_lib_shutdown_heap_1
    libshutdown.o(.ARM.Collect$$libshutdown$$00000000) refers (Special) to libshutdown2.o(.ARM.Collect$$libshutdown$$00000010) for __rt_lib_shutdown_return
    libshutdown.o(.ARM.Collect$$libshutdown$$00000000) refers (Special) to libshutdown2.o(.ARM.Collect$$libshutdown$$0000000A) for __rt_lib_shutdown_signal_1
    libshutdown.o(.ARM.Collect$$libshutdown$$00000000) refers (Special) to libshutdown2.o(.ARM.Collect$$libshutdown$$00000004) for __rt_lib_shutdown_stdio_1
    libshutdown.o(.ARM.Collect$$libshutdown$$00000000) refers (Special) to libshutdown2.o(.ARM.Collect$$libshutdown$$0000000C) for __rt_lib_shutdown_user_alloc_1
    sys_command.o(.text) refers (Special) to use_no_semi.o(.text) for __I$use$semihosting
    sys_command.o(.text) refers (Special) to indicate_semi.o(.text) for __semihosting_library_function
    defsig_abrt_inner.o(.text) refers to defsig_general.o(.text) for __default_signal_display
    defsig_rtred_inner.o(.text) refers to defsig_general.o(.text) for __default_signal_display
    defsig_rtmem_inner.o(.text) refers to defsig_general.o(.text) for __default_signal_display
    defsig_rtmem_outer.o(.text) refers to defsig_rtmem_inner.o(.text) for __rt_SIGRTMEM_inner
    defsig_rtmem_outer.o(.text) refers to defsig_exit.o(.text) for __sig_exit
    defsig_rtmem_formal.o(.text) refers to rt_raise.o(.text) for __rt_raise
    defsig_stak_inner.o(.text) refers to defsig_general.o(.text) for __default_signal_display
    defsig_pvfn_inner.o(.text) refers to defsig_general.o(.text) for __default_signal_display
    defsig_cppl_inner.o(.text) refers to defsig_general.o(.text) for __default_signal_display
    defsig_segv_inner.o(.text) refers to defsig_general.o(.text) for __default_signal_display
    defsig_other.o(.text) refers to defsig_general.o(.text) for __default_signal_display


==============================================================================

Removing Unused input sections from the image.

    Removing main.o(.rev16_text), (4 bytes).
    Removing main.o(.revsh_text), (4 bytes).
    Removing main.o(i.SPI_SEND_MVH9M_CAP), (2 bytes).
    Removing main.o(.constdata), (4 bytes).
    Removing interrapt.o(.rev16_text), (4 bytes).
    Removing interrapt.o(.revsh_text), (4 bytes).
    Removing interrapt.o(i.SPI2_IRQ), (164 bytes).
    Removing interrapt.o(i.UART1_IRQ), (292 bytes).
    Removing interrapt.o(i.UART2_IRQ), (228 bytes).
    Removing initmcontroller.o(.rev16_text), (4 bytes).
    Removing initmcontroller.o(.revsh_text), (4 bytes).
    Removing initmcontroller.o(i.INITZ_SPI1), (52 bytes).
    Removing initmcontroller.o(i.INITZ_SPI2), (60 bytes).
    Removing initmcontroller.o(i.INITZ_TMR), (60 bytes).
    Removing initmcontroller.o(i.INITZ_UART1), (80 bytes).
    Removing initmcontroller.o(i.PORTA_), (60 bytes).
    Removing initmcontroller.o(i.PORTB), (40 bytes).
    Removing initmcontroller.o(i.PORTD), (48 bytes).
    Removing initmcontroller.o(i.PORTE), (40 bytes).
    Removing system_mdr1986ve1t.o(.rev16_text), (4 bytes).
    Removing system_mdr1986ve1t.o(.revsh_text), (4 bytes).
    Removing system_mdr1986ve1t.o(i.SystemCoreClockUpdate), (156 bytes).
    Removing system_mdr1986ve1t.o(i.SystemInit), (64 bytes).
    Removing system_mdr1986ve1t.o(.data), (4 bytes).

24 unused section(s) (total 1386 bytes) removed from the image.

==============================================================================

Image Symbol Table

    Local Symbols

    Symbol Name                              Value     Ov Type        Size  Object(Section)

    ../clib/angel/boardlib.s                 0x00000000   Number         0  boardshut.o ABSOLUTE
    ../clib/angel/boardlib.s                 0x00000000   Number         0  boardinit3.o ABSOLUTE
    ../clib/angel/boardlib.s                 0x00000000   Number         0  boardinit2.o ABSOLUTE
    ../clib/angel/boardlib.s                 0x00000000   Number         0  boardinit1.o ABSOLUTE
    ../clib/angel/handlers.s                 0x00000000   Number         0  __scatter_copy.o ABSOLUTE
    ../clib/angel/kernel.s                   0x00000000   Number         0  rtexit2.o ABSOLUTE
    ../clib/angel/kernel.s                   0x00000000   Number         0  __rtentry.o ABSOLUTE
    ../clib/angel/kernel.s                   0x00000000   Number         0  __rtentry2.o ABSOLUTE
    ../clib/angel/kernel.s                   0x00000000   Number         0  rtexit.o ABSOLUTE
    ../clib/angel/kernel.s                   0x00000000   Number         0  __rtentry4.o ABSOLUTE
    ../clib/angel/rt.s                       0x00000000   Number         0  aeabi_idiv0.o ABSOLUTE
    ../clib/angel/rt.s                       0x00000000   Number         0  aeabi_idiv0_sigfpe.o ABSOLUTE
    ../clib/angel/rt.s                       0x00000000   Number         0  rt_raise.o ABSOLUTE
    ../clib/angel/rt.s                       0x00000000   Number         0  rt_div0.o ABSOLUTE
    ../clib/angel/scatterp.s                 0x00000000   Number         0  __scatter.o ABSOLUTE
    ../clib/angel/startup.s                  0x00000000   Number         0  __main.o ABSOLUTE
    ../clib/angel/sys.s                      0x00000000   Number         0  sys_stackheap_outer.o ABSOLUTE
    ../clib/angel/sys.s                      0x00000000   Number         0  tempstk.o ABSOLUTE
    ../clib/angel/sys.s                      0x00000000   Number         0  indicate_semi.o ABSOLUTE
    ../clib/angel/sys.s                      0x00000000   Number         0  use_no_semi.o ABSOLUTE
    ../clib/angel/sys.s                      0x00000000   Number         0  libspace.o ABSOLUTE
    ../clib/angel/sysapp.c                   0x00000000   Number         0  sys_wrch.o ABSOLUTE
    ../clib/angel/sysapp.c                   0x00000000   Number         0  sys_command.o ABSOLUTE
    ../clib/angel/sysapp.c                   0x00000000   Number         0  sys_exit.o ABSOLUTE
    ../clib/armsys.c                         0x00000000   Number         0  no_argv.o ABSOLUTE
    ../clib/armsys.c                         0x00000000   Number         0  argv_veneer.o ABSOLUTE
    ../clib/armsys.c                         0x00000000   Number         0  _get_argv_nomalloc.o ABSOLUTE
    ../clib/division.s                       0x00000000   Number         0  aeabi_sdiv.o ABSOLUTE
    ../clib/division.s                       0x00000000   Number         0  aeabi_sdiv_div0.o ABSOLUTE
    ../clib/heapalloc.c                      0x00000000   Number         0  hrguard.o ABSOLUTE
    ../clib/heapaux.c                        0x00000000   Number         0  heapauxi.o ABSOLUTE
    ../clib/libinit.s                        0x00000000   Number         0  libshutdown.o ABSOLUTE
    ../clib/libinit.s                        0x00000000   Number         0  libinit2.o ABSOLUTE
    ../clib/libinit.s                        0x00000000   Number         0  libshutdown2.o ABSOLUTE
    ../clib/libinit.s                        0x00000000   Number         0  libinit.o ABSOLUTE
    ../clib/signal.c                         0x00000000   Number         0  defsig_fpe_outer.o ABSOLUTE
    ../clib/signal.c                         0x00000000   Number         0  defsig_fpe_formal.o ABSOLUTE
    ../clib/signal.c                         0x00000000   Number         0  defsig_rtmem_formal.o ABSOLUTE
    ../clib/signal.c                         0x00000000   Number         0  defsig_exit.o ABSOLUTE
    ../clib/signal.c                         0x00000000   Number         0  defsig_fpe_inner.o ABSOLUTE
    ../clib/signal.c                         0x00000000   Number         0  __raise.o ABSOLUTE
    ../clib/signal.c                         0x00000000   Number         0  defsig_general.o ABSOLUTE
    ../clib/signal.c                         0x00000000   Number         0  defsig_abrt_inner.o ABSOLUTE
    ../clib/signal.c                         0x00000000   Number         0  defsig_rtred_inner.o ABSOLUTE
    ../clib/signal.c                         0x00000000   Number         0  defsig_rtmem_inner.o ABSOLUTE
    ../clib/signal.c                         0x00000000   Number         0  defsig_rtmem_outer.o ABSOLUTE
    ../clib/signal.c                         0x00000000   Number         0  defsig_stak_inner.o ABSOLUTE
    ../clib/signal.c                         0x00000000   Number         0  defsig_pvfn_inner.o ABSOLUTE
    ../clib/signal.c                         0x00000000   Number         0  defsig_cppl_inner.o ABSOLUTE
    ../clib/signal.c                         0x00000000   Number         0  defsig_segv_inner.o ABSOLUTE
    ../clib/signal.c                         0x00000000   Number         0  defsig_other.o ABSOLUTE
    ../clib/signal.s                         0x00000000   Number         0  defsig.o ABSOLUTE
    ../clib/stdlib.c                         0x00000000   Number         0  exit.o ABSOLUTE
    ../fplib/cfplib/fpinit.c                 0x00000000   Number         0  fpinit.o ABSOLUTE
    ..\..\Libraries\CMSIS\CM1\DeviceSupport\MDR1986VE1T\startup\arm\startup_MDR1986VE1T.s 0x00000000   Number         0  startup_mdr1986ve1t.o ABSOLUTE
    ..\..\Libraries\CMSIS\CM1\DeviceSupport\MDR1986VE1T\startup\arm\system_MDR1986VE1T.c 0x00000000   Number         0  system_mdr1986ve1t.o ABSOLUTE
    ..\\..\\Libraries\\CMSIS\\CM1\\DeviceSupport\\MDR1986VE1T\\startup\\arm\\system_MDR1986VE1T.c 0x00000000   Number         0  system_mdr1986ve1t.o ABSOLUTE
    Initmcontroller.c                        0x00000000   Number         0  initmcontroller.o ABSOLUTE
    Initmcontroller.c                        0x00000000   Number         0  initmcontroller.o ABSOLUTE
    Interrapt.c                              0x00000000   Number         0  interrapt.o ABSOLUTE
    Interrapt.c                              0x00000000   Number         0  interrapt.o ABSOLUTE
    dc.s                                     0x00000000   Number         0  dc.o ABSOLUTE
    main.c                                   0x00000000   Number         0  main.o ABSOLUTE
    main.c                                   0x00000000   Number         0  main.o ABSOLUTE
    RESET                                    0x08000000   Section      192  startup_mdr1986ve1t.o(RESET)
    !!!main                                  0x080000c0   Section        8  __main.o(!!!main)
    !!!scatter                               0x080000c8   Section       60  __scatter.o(!!!scatter)
    !!handler_copy                           0x08000104   Section       26  __scatter_copy.o(!!handler_copy)
    .ARM.Collect$$libinit$$00000000          0x0800011e   Section        2  libinit.o(.ARM.Collect$$libinit$$00000000)
    .ARM.Collect$$libinit$$00000002          0x08000120   Section        0  libinit2.o(.ARM.Collect$$libinit$$00000002)
    .ARM.Collect$$libinit$$00000004          0x08000120   Section        0  libinit2.o(.ARM.Collect$$libinit$$00000004)
    .ARM.Collect$$libinit$$0000000A          0x08000120   Section        0  libinit2.o(.ARM.Collect$$libinit$$0000000A)
    .ARM.Collect$$libinit$$0000000C          0x08000120   Section        0  libinit2.o(.ARM.Collect$$libinit$$0000000C)
    .ARM.Collect$$libinit$$0000000E          0x08000120   Section        0  libinit2.o(.ARM.Collect$$libinit$$0000000E)
    .ARM.Collect$$libinit$$00000011          0x08000120   Section        0  libinit2.o(.ARM.Collect$$libinit$$00000011)
    .ARM.Collect$$libinit$$00000013          0x08000120   Section        0  libinit2.o(.ARM.Collect$$libinit$$00000013)
    .ARM.Collect$$libinit$$00000015          0x08000120   Section        0  libinit2.o(.ARM.Collect$$libinit$$00000015)
    .ARM.Collect$$libinit$$00000017          0x08000120   Section        0  libinit2.o(.ARM.Collect$$libinit$$00000017)
    .ARM.Collect$$libinit$$00000019          0x08000120   Section        0  libinit2.o(.ARM.Collect$$libinit$$00000019)
    .ARM.Collect$$libinit$$0000001B          0x08000120   Section        0  libinit2.o(.ARM.Collect$$libinit$$0000001B)
    .ARM.Collect$$libinit$$0000001D          0x08000120   Section        0  libinit2.o(.ARM.Collect$$libinit$$0000001D)
    .ARM.Collect$$libinit$$0000001F          0x08000120   Section        0  libinit2.o(.ARM.Collect$$libinit$$0000001F)
    .ARM.Collect$$libinit$$00000021          0x08000120   Section        0  libinit2.o(.ARM.Collect$$libinit$$00000021)
    .ARM.Collect$$libinit$$00000023          0x08000120   Section        0  libinit2.o(.ARM.Collect$$libinit$$00000023)
    .ARM.Collect$$libinit$$00000025          0x08000120   Section        0  libinit2.o(.ARM.Collect$$libinit$$00000025)
    .ARM.Collect$$libinit$$0000002C          0x08000120   Section        0  libinit2.o(.ARM.Collect$$libinit$$0000002C)
    .ARM.Collect$$libinit$$0000002E          0x08000120   Section        0  libinit2.o(.ARM.Collect$$libinit$$0000002E)
    .ARM.Collect$$libinit$$00000030          0x08000120   Section        0  libinit2.o(.ARM.Collect$$libinit$$00000030)
    .ARM.Collect$$libinit$$00000032          0x08000120   Section        0  libinit2.o(.ARM.Collect$$libinit$$00000032)
    .ARM.Collect$$libinit$$00000033          0x08000120   Section        2  libinit2.o(.ARM.Collect$$libinit$$00000033)
    .ARM.Collect$$libshutdown$$00000000      0x08000122   Section        2  libshutdown.o(.ARM.Collect$$libshutdown$$00000000)
    .ARM.Collect$$libshutdown$$00000002      0x08000124   Section        0  libshutdown2.o(.ARM.Collect$$libshutdown$$00000002)
    .ARM.Collect$$libshutdown$$00000004      0x08000124   Section        0  libshutdown2.o(.ARM.Collect$$libshutdown$$00000004)
    .ARM.Collect$$libshutdown$$00000007      0x08000124   Section        0  libshutdown2.o(.ARM.Collect$$libshutdown$$00000007)
    .ARM.Collect$$libshutdown$$0000000A      0x08000124   Section        0  libshutdown2.o(.ARM.Collect$$libshutdown$$0000000A)
    .ARM.Collect$$libshutdown$$0000000C      0x08000124   Section        0  libshutdown2.o(.ARM.Collect$$libshutdown$$0000000C)
    .ARM.Collect$$libshutdown$$0000000F      0x08000124   Section        0  libshutdown2.o(.ARM.Collect$$libshutdown$$0000000F)
    .ARM.Collect$$libshutdown$$00000010      0x08000124   Section        2  libshutdown2.o(.ARM.Collect$$libshutdown$$00000010)
    .ARM.Collect$$rtentry$$00000000          0x08000126   Section        0  __rtentry.o(.ARM.Collect$$rtentry$$00000000)
    .ARM.Collect$$rtentry$$00000002          0x08000126   Section        0  __rtentry2.o(.ARM.Collect$$rtentry$$00000002)
    .ARM.Collect$$rtentry$$00000004          0x08000126   Section        6  __rtentry4.o(.ARM.Collect$$rtentry$$00000004)
    .ARM.Collect$$rtentry$$00000009          0x0800012c   Section        0  __rtentry2.o(.ARM.Collect$$rtentry$$00000009)
    .ARM.Collect$$rtentry$$0000000A          0x0800012c   Section        4  __rtentry2.o(.ARM.Collect$$rtentry$$0000000A)
    .ARM.Collect$$rtentry$$0000000C          0x08000130   Section        0  __rtentry2.o(.ARM.Collect$$rtentry$$0000000C)
    .ARM.Collect$$rtentry$$0000000D          0x08000130   Section        8  __rtentry2.o(.ARM.Collect$$rtentry$$0000000D)
    .ARM.Collect$$rtexit$$00000000           0x08000138   Section        2  rtexit.o(.ARM.Collect$$rtexit$$00000000)
    .ARM.Collect$$rtexit$$00000002           0x0800013a   Section        0  rtexit2.o(.ARM.Collect$$rtexit$$00000002)
    .ARM.Collect$$rtexit$$00000003           0x0800013a   Section        4  rtexit2.o(.ARM.Collect$$rtexit$$00000003)
    .ARM.Collect$$rtexit$$00000004           0x0800013e   Section        6  rtexit2.o(.ARM.Collect$$rtexit$$00000004)
    .text                                    0x08000144   Section      108  startup_mdr1986ve1t.o(.text)
    .text                                    0x080001b0   Section        0  heapauxi.o(.text)
    .text                                    0x080001b6   Section       62  sys_stackheap_outer.o(.text)
    .text                                    0x080001f4   Section        0  exit.o(.text)
    .text                                    0x08000204   Section        8  libspace.o(.text)
    .text                                    0x0800020c   Section        0  sys_exit.o(.text)
    .text                                    0x08000218   Section        2  use_no_semi.o(.text)
    .text                                    0x0800021a   Section        0  indicate_semi.o(.text)
    i.CRC16_PA                               0x0800021a   Section        0  main.o(i.CRC16_PA)
    i.INITZ_CLKPORT                          0x0800027c   Section        0  initmcontroller.o(i.INITZ_CLKPORT)
    i.INITZ_UART2                            0x080002d8   Section        0  initmcontroller.o(i.INITZ_UART2)
    i.NVIC_EnableIRQ                         0x08000328   Section        0  initmcontroller.o(i.NVIC_EnableIRQ)
    NVIC_EnableIRQ                           0x08000329   Thumb Code    14  initmcontroller.o(i.NVIC_EnableIRQ)
    i.PORTC                                  0x0800033c   Section        0  initmcontroller.o(i.PORTC)
    i.PORTF                                  0x08000378   Section        0  initmcontroller.o(i.PORTF)
    i.UARTx_SEND                             0x080003a8   Section        0  main.o(i.UARTx_SEND)
    i.main                                   0x0800043c   Section        0  main.o(i.main)
    i.request03                              0x080004ac   Section        0  main.o(i.request03)
    i.request06                              0x080005b0   Section        0  main.o(i.request06)
    i.request10                              0x0800061c   Section        0  main.o(i.request10)
    .data                                    0x20000000   Section       40  main.o(.data)
    .data                                    0x20000028   Section       60  interrapt.o(.data)
    .bss                                     0x20000064   Section      128  main.o(.bss)
    .bss                                     0x200000e4   Section       31  interrapt.o(.bss)
    .bss                                     0x20000104   Section       96  libspace.o(.bss)
    HEAP                                     0x20000168   Section     4096  startup_mdr1986ve1t.o(HEAP)
    Heap_Mem                                 0x20000168   Data        4096  startup_mdr1986ve1t.o(HEAP)
    STACK                                    0x20001168   Section     4096  startup_mdr1986ve1t.o(STACK)
    Stack_Mem                                0x20001168   Data        4096  startup_mdr1986ve1t.o(STACK)
    __initial_sp                             0x20002168   Data           0  startup_mdr1986ve1t.o(STACK)

    Global Symbols

    Symbol Name                              Value     Ov Type        Size  Object(Section)

    BuildAttributes$$THM_ISAv3M$S$PE$A:L22$X:L11$S22$IEEE1$IW$USESV6$~STKCKD$USESV7$~SHL$OSPACE$ROPI$EBA8$UX$STANDARDLIB$REQ8$PRES8$EABIv2 0x00000000   Number         0  anon$$obj.o ABSOLUTE
    __ARM_use_no_argv                        0x00000000   Number         0  main.o ABSOLUTE
    __ARM_exceptions_init                     - Undefined Weak Reference
    __alloca_initialize                       - Undefined Weak Reference
    __arm_preinit_                            - Undefined Weak Reference
    __cpp_initialize__aeabi_                  - Undefined Weak Reference
    __cxa_finalize                            - Undefined Weak Reference
    __rt_locale                               - Undefined Weak Reference
    __sigvec_lookup                           - Undefined Weak Reference
    _atexit_init                              - Undefined Weak Reference
    _call_atexit_fns                          - Undefined Weak Reference
    _clock_init                               - Undefined Weak Reference
    _fp_trap_init                             - Undefined Weak Reference
    _fp_trap_shutdown                         - Undefined Weak Reference
    _get_lc_collate                           - Undefined Weak Reference
    _get_lc_ctype                             - Undefined Weak Reference
    _get_lc_monetary                          - Undefined Weak Reference
    _get_lc_numeric                           - Undefined Weak Reference
    _get_lc_time                              - Undefined Weak Reference
    _getenv_init                              - Undefined Weak Reference
    _handle_redirection                       - Undefined Weak Reference
    _init_alloc                               - Undefined Weak Reference
    _init_user_alloc                          - Undefined Weak Reference
    _initio                                   - Undefined Weak Reference
    _rand_init                                - Undefined Weak Reference
    _signal_finish                            - Undefined Weak Reference
    _signal_init                              - Undefined Weak Reference
    _terminate_alloc                          - Undefined Weak Reference
    _terminate_user_alloc                     - Undefined Weak Reference
    _terminateio                              - Undefined Weak Reference
    __Vectors                                0x08000000   Data           4  startup_mdr1986ve1t.o(RESET)
    __main                                   0x080000c1   Thumb Code     8  __main.o(!!!main)
    __scatterload                            0x080000c9   Thumb Code     0  __scatter.o(!!!scatter)
    __scatterload_rt2                        0x080000c9   Thumb Code    52  __scatter.o(!!!scatter)
    __scatterload_rt2_thumb_only             0x080000c9   Thumb Code     0  __scatter.o(!!!scatter)
    __scatterload_null                       0x080000d9   Thumb Code     0  __scatter.o(!!!scatter)
    __scatterload_copy                       0x08000105   Thumb Code    26  __scatter_copy.o(!!handler_copy)
    __rt_lib_init                            0x0800011f   Thumb Code     0  libinit.o(.ARM.Collect$$libinit$$00000000)
    __rt_lib_init_alloca_1                   0x08000121   Thumb Code     0  libinit2.o(.ARM.Collect$$libinit$$0000002E)
    __rt_lib_init_argv_1                     0x08000121   Thumb Code     0  libinit2.o(.ARM.Collect$$libinit$$0000002C)
    __rt_lib_init_atexit_1                   0x08000121   Thumb Code     0  libinit2.o(.ARM.Collect$$libinit$$0000001B)
    __rt_lib_init_clock_1                    0x08000121   Thumb Code     0  libinit2.o(.ARM.Collect$$libinit$$00000021)
    __rt_lib_init_cpp_1                      0x08000121   Thumb Code     0  libinit2.o(.ARM.Collect$$libinit$$00000032)
    __rt_lib_init_exceptions_1               0x08000121   Thumb Code     0  libinit2.o(.ARM.Collect$$libinit$$00000030)
    __rt_lib_init_fp_1                       0x08000121   Thumb Code     0  libinit2.o(.ARM.Collect$$libinit$$00000002)
    __rt_lib_init_fp_trap_1                  0x08000121   Thumb Code     0  libinit2.o(.ARM.Collect$$libinit$$0000001F)
    __rt_lib_init_getenv_1                   0x08000121   Thumb Code     0  libinit2.o(.ARM.Collect$$libinit$$00000023)
    __rt_lib_init_heap_1                     0x08000121   Thumb Code     0  libinit2.o(.ARM.Collect$$libinit$$0000000A)
    __rt_lib_init_lc_collate_1               0x08000121   Thumb Code     0  libinit2.o(.ARM.Collect$$libinit$$00000011)
    __rt_lib_init_lc_ctype_1                 0x08000121   Thumb Code     0  libinit2.o(.ARM.Collect$$libinit$$00000013)
    __rt_lib_init_lc_monetary_1              0x08000121   Thumb Code     0  libinit2.o(.ARM.Collect$$libinit$$00000015)
    __rt_lib_init_lc_numeric_1               0x08000121   Thumb Code     0  libinit2.o(.ARM.Collect$$libinit$$00000017)
    __rt_lib_init_lc_time_1                  0x08000121   Thumb Code     0  libinit2.o(.ARM.Collect$$libinit$$00000019)
    __rt_lib_init_preinit_1                  0x08000121   Thumb Code     0  libinit2.o(.ARM.Collect$$libinit$$00000004)
    __rt_lib_init_rand_1                     0x08000121   Thumb Code     0  libinit2.o(.ARM.Collect$$libinit$$0000000E)
    __rt_lib_init_return                     0x08000121   Thumb Code     0  libinit2.o(.ARM.Collect$$libinit$$00000033)
    __rt_lib_init_signal_1                   0x08000121   Thumb Code     0  libinit2.o(.ARM.Collect$$libinit$$0000001D)
    __rt_lib_init_stdio_1                    0x08000121   Thumb Code     0  libinit2.o(.ARM.Collect$$libinit$$00000025)
    __rt_lib_init_user_alloc_1               0x08000121   Thumb Code     0  libinit2.o(.ARM.Collect$$libinit$$0000000C)
    __rt_lib_shutdown                        0x08000123   Thumb Code     0  libshutdown.o(.ARM.Collect$$libshutdown$$00000000)
    __rt_lib_shutdown_cpp_1                  0x08000125   Thumb Code     0  libshutdown2.o(.ARM.Collect$$libshutdown$$00000002)
    __rt_lib_shutdown_fp_trap_1              0x08000125   Thumb Code     0  libshutdown2.o(.ARM.Collect$$libshutdown$$00000007)
    __rt_lib_shutdown_heap_1                 0x08000125   Thumb Code     0  libshutdown2.o(.ARM.Collect$$libshutdown$$0000000F)
    __rt_lib_shutdown_return                 0x08000125   Thumb Code     0  libshutdown2.o(.ARM.Collect$$libshutdown$$00000010)
    __rt_lib_shutdown_signal_1               0x08000125   Thumb Code     0  libshutdown2.o(.ARM.Collect$$libshutdown$$0000000A)
    __rt_lib_shutdown_stdio_1                0x08000125   Thumb Code     0  libshutdown2.o(.ARM.Collect$$libshutdown$$00000004)
    __rt_lib_shutdown_user_alloc_1           0x08000125   Thumb Code     0  libshutdown2.o(.ARM.Collect$$libshutdown$$0000000C)
    __rt_entry                               0x08000127   Thumb Code     0  __rtentry.o(.ARM.Collect$$rtentry$$00000000)
    __rt_entry_presh_1                       0x08000127   Thumb Code     0  __rtentry2.o(.ARM.Collect$$rtentry$$00000002)
    __rt_entry_sh                            0x08000127   Thumb Code     0  __rtentry4.o(.ARM.Collect$$rtentry$$00000004)
    __rt_entry_li                            0x0800012d   Thumb Code     0  __rtentry2.o(.ARM.Collect$$rtentry$$0000000A)
    __rt_entry_postsh_1                      0x0800012d   Thumb Code     0  __rtentry2.o(.ARM.Collect$$rtentry$$00000009)
    __rt_entry_main                          0x08000131   Thumb Code     0  __rtentry2.o(.ARM.Collect$$rtentry$$0000000D)
    __rt_entry_postli_1                      0x08000131   Thumb Code     0  __rtentry2.o(.ARM.Collect$$rtentry$$0000000C)
    __rt_exit                                0x08000139   Thumb Code     0  rtexit.o(.ARM.Collect$$rtexit$$00000000)
    __rt_exit_ls                             0x0800013b   Thumb Code     0  rtexit2.o(.ARM.Collect$$rtexit$$00000003)
    __rt_exit_prels_1                        0x0800013b   Thumb Code     0  rtexit2.o(.ARM.Collect$$rtexit$$00000002)
    __rt_exit_exit                           0x0800013f   Thumb Code     0  rtexit2.o(.ARM.Collect$$rtexit$$00000004)
    Reset_Handler                            0x08000145   Thumb Code     4  startup_mdr1986ve1t.o(.text)
    NMI_Handler                              0x08000149   Thumb Code     2  startup_mdr1986ve1t.o(.text)
    HardFault_Handler                        0x0800014b   Thumb Code     2  startup_mdr1986ve1t.o(.text)
    SVC_Handler                              0x0800014d   Thumb Code     2  startup_mdr1986ve1t.o(.text)
    PendSV_Handler                           0x0800014f   Thumb Code     2  startup_mdr1986ve1t.o(.text)
    SysTick_Handler                          0x08000151   Thumb Code     2  startup_mdr1986ve1t.o(.text)
    MIL_STD_1553B2_IRQHandler                0x08000153   Thumb Code     2  startup_mdr1986ve1t.o(.text)
    MIL_STD_1553B1_IRQHandler                0x08000155   Thumb Code     2  startup_mdr1986ve1t.o(.text)
    USB_IRQHandler                           0x08000157   Thumb Code     2  startup_mdr1986ve1t.o(.text)
    CAN1_IRQHandler                          0x08000159   Thumb Code     2  startup_mdr1986ve1t.o(.text)
    CAN2_IRQHandler                          0x0800015b   Thumb Code     2  startup_mdr1986ve1t.o(.text)
    DMA_IRQHandler                           0x0800015d   Thumb Code     2  startup_mdr1986ve1t.o(.text)
    UART1_IRQHandler                         0x0800015f   Thumb Code     2  startup_mdr1986ve1t.o(.text)
    UART2_IRQHandler                         0x08000161   Thumb Code     2  startup_mdr1986ve1t.o(.text)
    SSP1_IRQHandler                          0x08000163   Thumb Code     2  startup_mdr1986ve1t.o(.text)
    BUSY_IRQHandler                          0x08000165   Thumb Code     2  startup_mdr1986ve1t.o(.text)
    ARINC429R_IRQHandler                     0x08000167   Thumb Code     2  startup_mdr1986ve1t.o(.text)
    POWER_IRQHandler                         0x08000169   Thumb Code     2  startup_mdr1986ve1t.o(.text)
    WWDG_IRQHandler                          0x0800016b   Thumb Code     2  startup_mdr1986ve1t.o(.text)
    TIMER4_IRQHandler                        0x0800016d   Thumb Code     2  startup_mdr1986ve1t.o(.text)
    TIMER1_IRQHandler                        0x0800016f   Thumb Code     2  startup_mdr1986ve1t.o(.text)
    TIMER2_IRQHandler                        0x08000171   Thumb Code     2  startup_mdr1986ve1t.o(.text)
    TIMER3_IRQHandler                        0x08000173   Thumb Code     2  startup_mdr1986ve1t.o(.text)
    ADC_IRQHandler                           0x08000175   Thumb Code     2  startup_mdr1986ve1t.o(.text)
    ETHERNET_IRQHandler                      0x08000177   Thumb Code     2  startup_mdr1986ve1t.o(.text)
    SSP3_IRQHandler                          0x08000179   Thumb Code     2  startup_mdr1986ve1t.o(.text)
    SSP2_IRQHandler                          0x0800017b   Thumb Code     2  startup_mdr1986ve1t.o(.text)
    ARINC429T1_IRQHandler                    0x0800017d   Thumb Code     2  startup_mdr1986ve1t.o(.text)
    ARINC429T2_IRQHandler                    0x0800017f   Thumb Code     2  startup_mdr1986ve1t.o(.text)
    ARINC429T3_IRQHandler                    0x08000181   Thumb Code     2  startup_mdr1986ve1t.o(.text)
    ARINC429T4_IRQHandler                    0x08000183   Thumb Code     2  startup_mdr1986ve1t.o(.text)
    BKP_IRQHandler                           0x08000185   Thumb Code     2  startup_mdr1986ve1t.o(.text)
    EXT_INT1_IRQHandler                      0x08000187   Thumb Code     2  startup_mdr1986ve1t.o(.text)
    EXT_INT2_IRQHandler                      0x08000189   Thumb Code     2  startup_mdr1986ve1t.o(.text)
    EXT_INT3_IRQHandler                      0x0800018b   Thumb Code     2  startup_mdr1986ve1t.o(.text)
    EXT_INT4_IRQHandler                      0x0800018d   Thumb Code     2  startup_mdr1986ve1t.o(.text)
    __user_initial_stackheap                 0x08000191   Thumb Code     0  startup_mdr1986ve1t.o(.text)
    __use_two_region_memory                  0x080001b1   Thumb Code     2  heapauxi.o(.text)
    __rt_heap_escrow$2region                 0x080001b3   Thumb Code     2  heapauxi.o(.text)
    __rt_heap_expand$2region                 0x080001b5   Thumb Code     2  heapauxi.o(.text)
    __user_setup_stackheap                   0x080001b7   Thumb Code    62  sys_stackheap_outer.o(.text)
    exit                                     0x080001f5   Thumb Code    16  exit.o(.text)
    __user_libspace                          0x08000205   Thumb Code     8  libspace.o(.text)
    __user_perproc_libspace                  0x08000205   Thumb Code     0  libspace.o(.text)
    __user_perthread_libspace                0x08000205   Thumb Code     0  libspace.o(.text)
    _sys_exit                                0x0800020d   Thumb Code     8  sys_exit.o(.text)
    __I$use$semihosting                      0x08000219   Thumb Code     0  use_no_semi.o(.text)
    __use_no_semihosting_swi                 0x08000219   Thumb Code     2  use_no_semi.o(.text)
    CRC16_PA                                 0x0800021b   Thumb Code    98  main.o(i.CRC16_PA)
    __semihosting_library_function           0x0800021b   Thumb Code     0  indicate_semi.o(.text)
    INITZ_CLKPORT                            0x0800027d   Thumb Code    84  initmcontroller.o(i.INITZ_CLKPORT)
    INITZ_UART2                              0x080002d9   Thumb Code    66  initmcontroller.o(i.INITZ_UART2)
    PORTC                                    0x0800033d   Thumb Code    46  initmcontroller.o(i.PORTC)
    PORTF                                    0x08000379   Thumb Code    40  initmcontroller.o(i.PORTF)
    UARTx_SEND                               0x080003a9   Thumb Code   130  main.o(i.UARTx_SEND)
    main                                     0x0800043d   Thumb Code    82  main.o(i.main)
    request03                                0x080004ad   Thumb Code   222  main.o(i.request03)
    request06                                0x080005b1   Thumb Code    80  main.o(i.request06)
    request10                                0x0800061d   Thumb Code   172  main.o(i.request10)
    Region$$Table$$Base                      0x080006f0   Number         0  anon$$obj.o(Region$$Table)
    Region$$Table$$Limit                     0x08000700   Number         0  anon$$obj.o(Region$$Table)
    f                                        0x20000000   Data           4  main.o(.data)
    g1                                       0x20000004   Data           4  main.o(.data)
    g2                                       0x20000008   Data           4  main.o(.data)
    g3                                       0x2000000c   Data           4  main.o(.data)
    g4                                       0x20000010   Data           4  main.o(.data)
    g5                                       0x20000014   Data           4  main.o(.data)
    length                                   0x20000018   Data           2  main.o(.data)
    crc                                      0x2000001a   Data           2  main.o(.data)
    colreg                                   0x2000001c   Data           1  main.o(.data)
    ks                                       0x2000001d   Data           1  main.o(.data)
    addr                                     0x20000020   Data           4  main.o(.data)
    colb                                     0x20000024   Data           4  main.o(.data)
    RXU2byte                                 0x20000028   Data           1  interrapt.o(.data)
    massU2                                   0x2000002c   Data           4  interrapt.o(.data)
    RXU2_flag                                0x20000030   Data           4  interrapt.o(.data)
    RXU2_q                                   0x20000034   Data           4  interrapt.o(.data)
    nU2                                      0x20000038   Data           4  interrapt.o(.data)
    UNAR                                     0x2000003c   Data           4  interrapt.o(.data)
    flagU2                                   0x20000040   Data           4  interrapt.o(.data)
    iRXU2                                    0x20000044   Data           4  interrapt.o(.data)
    RXS2byte                                 0x20000048   Data           1  interrapt.o(.data)
    massS2                                   0x2000004c   Data           4  interrapt.o(.data)
    RXS2_flag                                0x20000050   Data           4  interrapt.o(.data)
    RXS2_q                                   0x20000054   Data           4  interrapt.o(.data)
    nS2                                      0x20000058   Data           4  interrapt.o(.data)
    flagS2                                   0x2000005c   Data           4  interrapt.o(.data)
    iRXS2                                    0x20000060   Data           4  interrapt.o(.data)
    adrpr                                    0x20000064   Data         128  main.o(.bss)
    bufferRXU2                               0x200000e4   Data          18  interrapt.o(.bss)
    bufferRXS2                               0x200000f6   Data          13  interrapt.o(.bss)
    __libspace_start                         0x20000104   Data          96  libspace.o(.bss)
    __temporary_stack_top$libspace           0x20000164   Data           0  libspace.o(.bss)



==============================================================================

Memory Map of the image

  Image Entry point : 0x080000c1

  Load Region LR_IROM1 (Base: 0x08000000, Size: 0x00000764, Max: 0x00020000, ABSOLUTE)

    Execution Region ER_IROM1 (Base: 0x08000000, Size: 0x00000700, Max: 0x00020000, ABSOLUTE)

    Base Addr    Size         Type   Attr      Idx    E Section Name        Object

    0x08000000   0x000000c0   Data   RO          229    RESET               startup_mdr1986ve1t.o
    0x080000c0   0x00000008   Code   RO          274  * !!!main             c_p.l(__main.o)
    0x080000c8   0x0000003c   Code   RO          443    !!!scatter          c_p.l(__scatter.o)
    0x08000104   0x0000001a   Code   RO          445    !!handler_copy      c_p.l(__scatter_copy.o)
    0x0800011e   0x00000002   Code   RO          312    .ARM.Collect$$libinit$$00000000  c_p.l(libinit.o)
    0x08000120   0x00000000   Code   RO          326    .ARM.Collect$$libinit$$00000002  c_p.l(libinit2.o)
    0x08000120   0x00000000   Code   RO          328    .ARM.Collect$$libinit$$00000004  c_p.l(libinit2.o)
    0x08000120   0x00000000   Code   RO          331    .ARM.Collect$$libinit$$0000000A  c_p.l(libinit2.o)
    0x08000120   0x00000000   Code   RO          333    .ARM.Collect$$libinit$$0000000C  c_p.l(libinit2.o)
    0x08000120   0x00000000   Code   RO          335    .ARM.Collect$$libinit$$0000000E  c_p.l(libinit2.o)
    0x08000120   0x00000000   Code   RO          338    .ARM.Collect$$libinit$$00000011  c_p.l(libinit2.o)
    0x08000120   0x00000000   Code   RO          340    .ARM.Collect$$libinit$$00000013  c_p.l(libinit2.o)
    0x08000120   0x00000000   Code   RO          342    .ARM.Collect$$libinit$$00000015  c_p.l(libinit2.o)
    0x08000120   0x00000000   Code   RO          344    .ARM.Collect$$libinit$$00000017  c_p.l(libinit2.o)
    0x08000120   0x00000000   Code   RO          346    .ARM.Collect$$libinit$$00000019  c_p.l(libinit2.o)
    0x08000120   0x00000000   Code   RO          348    .ARM.Collect$$libinit$$0000001B  c_p.l(libinit2.o)
    0x08000120   0x00000000   Code   RO          350    .ARM.Collect$$libinit$$0000001D  c_p.l(libinit2.o)
    0x08000120   0x00000000   Code   RO          352    .ARM.Collect$$libinit$$0000001F  c_p.l(libinit2.o)
    0x08000120   0x00000000   Code   RO          354    .ARM.Collect$$libinit$$00000021  c_p.l(libinit2.o)
    0x08000120   0x00000000   Code   RO          356    .ARM.Collect$$libinit$$00000023  c_p.l(libinit2.o)
    0x08000120   0x00000000   Code   RO          358    .ARM.Collect$$libinit$$00000025  c_p.l(libinit2.o)
    0x08000120   0x00000000   Code   RO          362    .ARM.Collect$$libinit$$0000002C  c_p.l(libinit2.o)
    0x08000120   0x00000000   Code   RO          364    .ARM.Collect$$libinit$$0000002E  c_p.l(libinit2.o)
    0x08000120   0x00000000   Code   RO          366    .ARM.Collect$$libinit$$00000030  c_p.l(libinit2.o)
    0x08000120   0x00000000   Code   RO          368    .ARM.Collect$$libinit$$00000032  c_p.l(libinit2.o)
    0x08000120   0x00000002   Code   RO          369    .ARM.Collect$$libinit$$00000033  c_p.l(libinit2.o)
    0x08000122   0x00000002   Code   RO          400    .ARM.Collect$$libshutdown$$00000000  c_p.l(libshutdown.o)
    0x08000124   0x00000000   Code   RO          426    .ARM.Collect$$libshutdown$$00000002  c_p.l(libshutdown2.o)
    0x08000124   0x00000000   Code   RO          428    .ARM.Collect$$libshutdown$$00000004  c_p.l(libshutdown2.o)
    0x08000124   0x00000000   Code   RO          431    .ARM.Collect$$libshutdown$$00000007  c_p.l(libshutdown2.o)
    0x08000124   0x00000000   Code   RO          434    .ARM.Collect$$libshutdown$$0000000A  c_p.l(libshutdown2.o)
    0x08000124   0x00000000   Code   RO          436    .ARM.Collect$$libshutdown$$0000000C  c_p.l(libshutdown2.o)
    0x08000124   0x00000000   Code   RO          439    .ARM.Collect$$libshutdown$$0000000F  c_p.l(libshutdown2.o)
    0x08000124   0x00000002   Code   RO          440    .ARM.Collect$$libshutdown$$00000010  c_p.l(libshutdown2.o)
    0x08000126   0x00000000   Code   RO          276    .ARM.Collect$$rtentry$$00000000  c_p.l(__rtentry.o)
    0x08000126   0x00000000   Code   RO          282    .ARM.Collect$$rtentry$$00000002  c_p.l(__rtentry2.o)
    0x08000126   0x00000006   Code   RO          294    .ARM.Collect$$rtentry$$00000004  c_p.l(__rtentry4.o)
    0x0800012c   0x00000000   Code   RO          284    .ARM.Collect$$rtentry$$00000009  c_p.l(__rtentry2.o)
    0x0800012c   0x00000004   Code   RO          285    .ARM.Collect$$rtentry$$0000000A  c_p.l(__rtentry2.o)
    0x08000130   0x00000000   Code   RO          287    .ARM.Collect$$rtentry$$0000000C  c_p.l(__rtentry2.o)
    0x08000130   0x00000008   Code   RO          288    .ARM.Collect$$rtentry$$0000000D  c_p.l(__rtentry2.o)
    0x08000138   0x00000002   Code   RO          317    .ARM.Collect$$rtexit$$00000000  c_p.l(rtexit.o)
    0x0800013a   0x00000000   Code   RO          373    .ARM.Collect$$rtexit$$00000002  c_p.l(rtexit2.o)
    0x0800013a   0x00000004   Code   RO          374    .ARM.Collect$$rtexit$$00000003  c_p.l(rtexit2.o)
    0x0800013e   0x00000006   Code   RO          375    .ARM.Collect$$rtexit$$00000004  c_p.l(rtexit2.o)
    0x08000144   0x0000006c   Code   RO          230    .text               startup_mdr1986ve1t.o
    0x080001b0   0x00000006   Code   RO          272    .text               c_p.l(heapauxi.o)
    0x080001b6   0x0000003e   Code   RO          298    .text               c_p.l(sys_stackheap_outer.o)
    0x080001f4   0x00000010   Code   RO          301    .text               c_p.l(exit.o)
    0x08000204   0x00000008   Code   RO          313    .text               c_p.l(libspace.o)
    0x0800020c   0x0000000c   Code   RO          370    .text               c_p.l(sys_exit.o)
    0x08000218   0x00000002   Code   RO          389    .text               c_p.l(use_no_semi.o)
    0x0800021a   0x00000000   Code   RO          391    .text               c_p.l(indicate_semi.o)
    0x0800021a   0x00000062   Code   RO            3    i.CRC16_PA          main.o
    0x0800027c   0x0000005c   Code   RO          135    i.INITZ_CLKPORT     initmcontroller.o
    0x080002d8   0x00000050   Code   RO          140    i.INITZ_UART2       initmcontroller.o
    0x08000328   0x00000014   Code   RO          141    i.NVIC_EnableIRQ    initmcontroller.o
    0x0800033c   0x0000003c   Code   RO          144    i.PORTC             initmcontroller.o
    0x08000378   0x00000030   Code   RO          147    i.PORTF             initmcontroller.o
    0x080003a8   0x00000094   Code   RO            5    i.UARTx_SEND        main.o
    0x0800043c   0x00000070   Code   RO            6    i.main              main.o
    0x080004ac   0x00000104   Code   RO            7    i.request03         main.o
    0x080005b0   0x0000006c   Code   RO            8    i.request06         main.o
    0x0800061c   0x000000d4   Code   RO            9    i.request10         main.o
    0x080006f0   0x00000010   Data   RO          441    Region$$Table       anon$$obj.o


    Execution Region RW_IRAM1 (Base: 0x20000000, Size: 0x00002168, Max: 0x00008000, ABSOLUTE, UNINIT)

    Base Addr    Size         Type   Attr      Idx    E Section Name        Object

    0x20000000   0x00000028   Data   RW           12    .data               main.o
    0x20000028   0x0000003c   Data   RW          103    .data               interrapt.o
    0x20000064   0x00000080   Zero   RW           10    .bss                main.o
    0x200000e4   0x0000001f   Zero   RW          102    .bss                interrapt.o
    0x20000103   0x00000001   PAD
    0x20000104   0x00000060   Zero   RW          314    .bss                c_p.l(libspace.o)
    0x20000164   0x00000004   PAD
    0x20000168   0x00001000   Zero   RW          228    HEAP                startup_mdr1986ve1t.o
    0x20001168   0x00001000   Zero   RW          227    STACK               startup_mdr1986ve1t.o


==============================================================================

Image component sizes


      Code (inc. data)   RO Data    RW Data    ZI Data      Debug   Object Name

       300         50          0          0          0       7766   initmcontroller.o
         0          0          0         60         31        989   interrapt.o
       938        154          0         40        128      80643   main.o
       108         24        192          0       8192       2016   startup_mdr1986ve1t.o

    ----------------------------------------------------------------------
      1346        228        208        100       8352      91414   Object Totals
         0          0         16          0          0          0   (incl. Generated)
         0          0          0          0          1          0   (incl. Padding)

    ----------------------------------------------------------------------

      Code (inc. data)   RO Data    RW Data    ZI Data      Debug   Library Member Name

         8          0          0          0          0         68   __main.o
         0          0          0          0          0          0   __rtentry.o
        12          0          0          0          0          0   __rtentry2.o
         6          0          0          0          0          0   __rtentry4.o
        60          8          0          0          0          0   __scatter.o
        26          0          0          0          0          0   __scatter_copy.o
        16          0          0          0          0         68   exit.o
         6          0          0          0          0        136   heapauxi.o
         0          0          0          0          0          0   indicate_semi.o
         2          0          0          0          0          0   libinit.o
         2          0          0          0          0          0   libinit2.o
         2          0          0          0          0          0   libshutdown.o
         2          0          0          0          0          0   libshutdown2.o
         8          4          0          0         96         68   libspace.o
         2          0          0          0          0          0   rtexit.o
        10          0          0          0          0          0   rtexit2.o
        12          4          0          0          0         60   sys_exit.o
        62          0          0          0          0         80   sys_stackheap_outer.o
         2          0          0          0          0         68   use_no_semi.o

    ----------------------------------------------------------------------
       238         16          0          0        100        548   Library Totals
         0          0          0          0          4          0   (incl. Padding)

    ----------------------------------------------------------------------

      Code (inc. data)   RO Data    RW Data    ZI Data      Debug   Library Name

       238         16          0          0         96        548   c_p.l

    ----------------------------------------------------------------------
       238         16          0          0        100        548   Library Totals

    ----------------------------------------------------------------------

==============================================================================


      Code (inc. data)   RO Data    RW Data    ZI Data      Debug   

      1584        244        208        100       8452      91362   Grand Totals
      1584        244        208        100       8452      91362   ELF Image Totals
      1584        244        208        100          0          0   ROM Totals

==============================================================================

    Total RO  Size (Code + RO Data)                 1792 (   1.75kB)
    Total RW  Size (RW Data + ZI Data)              8552 (   8.35kB)
    Total ROM Size (Code + RO Data + RW Data)       1892 (   1.85kB)

==============================================================================

